// Jest Snapshot v1, https://goo.gl/fbAQLP

exports[`should take a snapshot of the whole app 1`] = `
<DocumentFragment>
  <div
    class="grid"
  >
    <div
      class="flexCenter"
    >
      <span
        class="numDisplay"
      >
        88
      </span>
      <div
        aria-orientation="horizontal"
        aria-valuemax="240"
        aria-valuemin="40"
        aria-valuenow="88"
        class="rangeslider rangeslider-horizontal"
      >
        <div
          class="rangeslider__fill"
          style="width: 0px;"
        />
        <div
          class="rangeslider__handle"
          style="left: 0px;"
          tabindex="0"
        >
          <div
            class="rangeslider__handle-label"
          />
        </div>
        <ul
          class="rangeslider__labels"
        />
      </div>
    </div>
    <div
      class="flexCenter"
    >
      <button>
        +
      </button>
      <button>
        -
      </button>
    </div>
    <div
      class="flexCenter"
    >
      <div
        class="beat"
      >
        <div
          class="marker on"
        />
        <div
          aria-orientation="vertical"
          aria-valuemax="100"
          aria-valuemin="0"
          aria-valuenow="100"
          class="rangeslider rangeslider-vertical"
        >
          <div
            class="rangeslider__fill"
            style="height: 0px;"
          />
          <div
            class="rangeslider__handle"
            style="top: 0px;"
            tabindex="0"
          >
            <div
              class="rangeslider__handle-label"
            />
          </div>
          <ul
            class="rangeslider__labels"
          />
        </div>
      </div>
      <div
        class="beat"
      >
        <div
          class="marker off"
        />
        <div
          aria-orientation="vertical"
          aria-valuemax="100"
          aria-valuemin="0"
          aria-valuenow="50"
          class="rangeslider rangeslider-vertical"
        >
          <div
            class="rangeslider__fill"
            style="height: 0px;"
          />
          <div
            class="rangeslider__handle"
            style="top: 0px;"
            tabindex="0"
          >
            <div
              class="rangeslider__handle-label"
            />
          </div>
          <ul
            class="rangeslider__labels"
          />
        </div>
      </div>
      <div
        class="beat"
      >
        <div
          class="marker off"
        />
        <div
          aria-orientation="vertical"
          aria-valuemax="100"
          aria-valuemin="0"
          aria-valuenow="25"
          class="rangeslider rangeslider-vertical"
        >
          <div
            class="rangeslider__fill"
            style="height: 0px;"
          />
          <div
            class="rangeslider__handle"
            style="top: 0px;"
            tabindex="0"
          >
            <div
              class="rangeslider__handle-label"
            />
          </div>
          <ul
            class="rangeslider__labels"
          />
        </div>
      </div>
      <div
        class="beat"
      >
        <div
          class="marker off"
        />
        <div
          aria-orientation="vertical"
          aria-valuemax="100"
          aria-valuemin="0"
          aria-valuenow="50"
          class="rangeslider rangeslider-vertical"
        >
          <div
            class="rangeslider__fill"
            style="height: 0px;"
          />
          <div
            class="rangeslider__handle"
            style="top: 0px;"
            tabindex="0"
          >
            <div
              class="rangeslider__handle-label"
            />
          </div>
          <ul
            class="rangeslider__labels"
          />
        </div>
      </div>
    </div>
    <div
      class="flexCenter"
    >
      <button>
        +
      </button>
      <button>
        -
      </button>
    </div>
  </div>
</DocumentFragment>
`;
